<html>
<body>
<pre>
<h1>礦ision Build Log</h1>
<h2>Tool Versions:</h2>
IDE-Version: 礦ision V5.27.0.0
Copyright (C) 2018 ARM Ltd and ARM Germany GmbH. All rights reserved.
License Information: SHUAIWEN CUI, NTU, LIC=JL28G-VX9JX-QDQKD-8FN6R-M33TC-5YMJT
 
Tool Versions:
Toolchain:       MDK-ARM Plus  Version: 5.27.0.0
Toolchain Path:  D:\Keil5\ARM\ARMCC\Bin
C Compiler:      Armcc.exe V5.06 update 6 (build 750)
Assembler:       Armasm.exe V5.06 update 6 (build 750)
Linker/Locator:  ArmLink.exe V5.06 update 6 (build 750)
Library Manager: ArmAr.exe V5.06 update 6 (build 750)
Hex Converter:   FromElf.exe V5.06 update 6 (build 750)
CPU DLL:         SARMCM3.DLL V5.27.0.0
Dialog DLL:      DCM.DLL V1.17.2.0
Target DLL:      STLink\ST-LINKIII-KEIL_SWO.dll V3.0.5.0
Dialog DLL:      TCM.DLL V1.36.1.0
 
<h2>Project:</h2>
E:\OneDrive - Nanyang Technological University\4_Project\Warehouse\DEV\ANFULAI\CODE\01.出厂程序（1个综合例子）\V7-999_出厂程序（源码 V1.0e 2019-12-31）\V7-999_出厂程序（V1.0e）\Project\MDK-ARM(uV5)\project.uvprojx
Project File Date:  07/03/2024

<h2>Output:</h2>
*** Using Compiler 'V5.06 update 6 (build 750)', folder: 'D:\Keil5\ARM\ARMCC\Bin'
Build target 'Flash'
compiling form_ad7705_.c...
compiling form_ad7606.c...
compiling main.c...
compiling form_ad9833.c...
compiling form_ads1256.c...
compiling form_gprs_t.c...
compiling form_gps.c...
compiling form_wifi.c...
compiling form_camera.c...
compiling form_fm_radio.c...
compiling form_audio_rec.c...
compiling form_mems.c...
compiling form_oled_.c...
compiling form_main_menu.c...
compiling form_hard_test.c...
compiling form_touch.c...
compiling param.c...
compiling can_network.c...
compiling bsp.c...
compiling bsp_timer.c...
compiling form_usbd_msc.c...
compiling stm32h7xx_it.c...
compiling form_dac8501.c...
compiling bsp_key.c...
compiling bsp_user_lib.c...
compiling bmp_file.c...
compiling bsp_led.c...
compiling form_reserve.c...
compiling bsp_fmc_io.c...
compiling bsp_uart_esp8266.c...
compiling form_rs485.c...
compiling form_dso.c...
compiling bsp_uart_sim800.c...
compiling bsp_fmc_sdram.c...
compiling form_mp3_player.c...
compiling num_pad.c...
compiling form_can.c...
compiling bsp_uart_fifo.c...
compiling bsp_uart_gps.c...
compiling form_dac8562.c...
compiling bsp_fmc_ad7606.c...
compiling bsp_fmc_oled.c...
compiling bsp_i2c_bh1750.c...
compiling bsp_i2c_eeprom_24xx.c...
compiling bsp_i2c_bmp085.c...
compiling bsp_fmc_nand_flash.c...
compiling form_http_server.c...
compiling bsp_i2c_gpio.c...
compiling bsp_i2c_hmc5883l.c...
compiling bsp_i2c_si4730.c...
compiling bsp_tft_h7.c...
compiling bsp_tft_lcd.c...
compiling bsp_ts_ft5x06.c...
compiling bsp_i2c_mpu6050.c...
compiling bsp_ts_gt911.c...
compiling bsp_ts_stmpe811.c...
compiling bsp_ts_gt811.c...
compiling bsp_beep.c...
compiling bsp_ts_touch.c...
compiling bsp_sdio_sd.c...
assembling startup_stm32h743xx.s...
compiling bsp_tim_pwm.c...
compiling bsp_dht11.c...
compiling bsp_ds18b20.c...
compiling bsp_rs485_led.c...
compiling bsp_spi_ads1256.c...
compiling bsp_ps2.c...
compiling bsp_spi_bus.c...
compiling bsp_spi_dac8501.c...
compiling bsp_spi_dac8562.c...
compiling bsp_spi_flash.c...
compiling bsp_ir_decode.c...
compiling bsp_spi_tm7705.c...
compiling bsp_msg.c...
compiling bsp_camera.c...
compiling bsp_spi_vs1053b.c...
compiling bsp_spi_ad9833.c...
compiling bsp_i2c_wm8978.c...
compiling bsp_cpu_rtc.c...
compiling stm32h7xx_hal.c...
compiling stm32h7xx_ll_sdmmc.c...
compiling bsp_can.c...
compiling stm32h7xx_hal_cortex.c...
compiling bsp_cpu_dac.c...
compiling bsp_cpu_adc.c...
compiling bsp_qspi_w25q256.c...
compiling stm32h7xx_hal_fdcan.c...
compiling stm32h7xx_hal_gpio.c...
compiling stm32h7xx_hal_rcc.c...
compiling stm32h7xx_hal_adc.c...
compiling stm32h7xx_hal_dma_ex.c...
compiling stm32h7xx_hal_dma.c...
compiling stm32h7xx_hal_sram.c...
compiling stm32h7xx_hal_adc_ex.c...
compiling stm32h7xx_hal_mdma.c...
compiling stm32h7xx_hal_tim_ex.c...
compiling stm32h7xx_hal_spi.c...
compiling stm32h7xx_hal_rcc_ex.c...
compiling stm32h7xx_ll_fmc.c...
compiling stm32h7xx_hal_tim.c...
compiling stm32h7xx_hal_sdram.c...
compiling stm32h7xx_hal_uart_ex.c...
compiling stm32h7xx_hal_dma2d.c...
compiling stm32h7xx_hal_dcmi.c...
compiling stm32h7xx_hal_ltdc.c...
compiling stm32h7xx_hal_hcd.c...
compiling stm32h7xx_hal_uart.c...
compiling stm32h7xx_hal_sd_ex.c...
compiling stm32h7xx_hal_rtc.c...
assembling HardFaultHandler.S...
compiling stm32h7xx_hal_sd.c...
compiling SEGGER_HardFaultHandler.c...
compiling stm32h7xx_hal_pcd.c...
compiling stm32h7xx_hal_rtc_ex.c...
compiling stm32h7xx_ll_usb.c...
compiling asc12.c...
compiling stm32h7xx_hal_pwr.c...
compiling stm32h7xx_hal_pcd_ex.c...
compiling asc16.c...
compiling asc24.c...
compiling stm32h7xx_hal_sai.c...
compiling asc32.c...
compiling stm32h7xx_hal_nand.c...
compiling hz12.c...
compiling stm32h7xx_hal_pwr_ex.c...
compiling stm32h7xx_hal_eth.c...
compiling hz24.c...
compiling hz16.c...
compiling stm32h7xx_ll_delayblock.c...
compiling stm32h7xx_hal_dac_ex.c...
compiling stm32h7xx_hal_dac.c...
compiling system_stm32h7xx.c...
compiling hz32.c...
compiling stm32h7xx_hal_qspi.c...
compiling ra8875_asc_width.c...
compiling ADC.c...
compiling Camera.c...
compiling ChiLun.c...
compiling chujiao.c...
compiling FM.c...
compiling GPS.c...
compiling hwinfo.c...
compiling LCD.c...
compiling MP3.c...
compiling Phone.c...
compiling radio.c...
compiling Recorder.c...
compiling USBDisk.c...
compiling web.c...
compiling Wireless.c...
compiling timer.c...
compiling psock.c...
compiling uip_arp.c...
compiling uip.c...
compiling uiplib.c...
compiling uip-fw.c...
compiling uip-neighbor.c...
compiling uip-split.c...
compiling memb.c...
compiling tapdev.c...
compiling http-strings.c...
compiling httpd-cgi.c...
compiling httpd_u.c...
compiling diskio.c...
compiling ff_gen_drv.c...
compiling httpd-fs.c...
compiling clock-arch.c...
compiling syscall.c...
compiling dm9k_uip.c...
compiling nand_diskio.c...
compiling ff.c...
compiling cc936.c...
compiling sdram_diskio.c...
compiling sd_diskio_dma.c...
compiling usbh_diskio.c...
compiling usbh_msc_bot.c...
compiling usbh_msc_scsi.c...
compiling usbh_msc.c...
compiling usbh_core.c...
compiling usbh_ioreq.c...
compiling usbh_ctlreq.c...
compiling usbh_pipes.c...
compiling usbd_core.c...
compiling usbd_ctlreq.c...
compiling usbd_ioreq.c...
compiling usbd_msc.c...
compiling usbd_msc_data.c...
compiling def.c...
compiling dns.c...
compiling ethernet.c...
compiling usbd_msc_bot.c...
compiling inet_chksum.c...
compiling usbd_msc_scsi.c...
compiling usbd_desc.c...
compiling usbd_usr.c...
compiling usbd_it.c...
compiling usbd_conf.c...
compiling init.c...
compiling usbd_storage.c...
compiling ip.c...
compiling mem.c...
compiling usbh_it.c...
compiling pbuf.c...
compiling raw.c...
compiling usbh_conf.c...
compiling netif.c...
compiling usbh_usr.c...
compiling stats.c...
compiling memp.c...
compiling sys.c...
compiling tcp.c...
compiling tcp_in.c...
compiling api_lib.c...
compiling api_msg.c...
compiling timeouts.c...
compiling tcp_out.c...
compiling err.c...
compiling netbuf.c...
compiling udp.c...
compiling netdb.c...
compiling netifapi.c...
compiling sockets.c...
compiling tcpip.c...
compiling autoip.c...
compiling dhcp.c...
compiling icmp.c...
compiling etharp.c...
compiling igmp.c...
compiling ip4_addr.c...
compiling ip4.c...
compiling ip4_frag.c...
compiling dm9162.c...
compiling fs.c...
compiling httpd.c...
compiling ethernetif.c...
compiling app_ethernet.c...
compiling httpd_cgi_ssi.c...
linking...
Program Size: Code=280232 RO-data=405628 RW-data=9404 ZI-data=436108  
FromELF: creating hex file...
After Build - User command #1: CopyHex_Flash.bat
E:\OneDrive - Nanyang Technological University\4_Project\Warehouse\DEV\ANFULAI\CODE\01.出厂程序（1个综合例子）\V7-999_出厂程序（源码 V1.0e 2019-12-31）\V7-999_出厂程序（V1.0e）\Project\MDK-ARM(uV5)>copy Objects\output.hex ..\output(mdk).hex 
        1 file(s) copied.
".\Objects\output.axf" - 0 Error(s), 0 Warning(s).

<h2>Software Packages used:</h2>

Package Vendor: Keil
                https://www.keil.com/pack/Keil.STM32H7xx_DFP.3.1.1.pack
                Keil.STM32H7xx_DFP.3.1.1
                STMicroelectronics STM32H7 Series Device Support and Examples

<h2>Collection of Component include folders:</h2>
  .\RTE\_Flash
  D:\Keil5\ARM\PACK\Keil\STM32H7xx_DFP\3.1.1\Drivers\CMSIS\Device\ST\STM32H7xx\Include

<h2>Collection of Component Files used:</h2>
Build Time Elapsed:  00:00:10
</pre>
</body>
</html>
